
> launchos@0.1.0 build
> next build

node.exe : ΓÜá Warning: 
Next.js inferred your 
workspace root, but it 
may not be correct.
At line:1 char:1
+ & "C:\Program 
Files\nodejs/node.exe" 
"C:\Program 
Files\nodejs/node_mo ...
+ ~~~~~~~~~~~~~~~~~~~~~~~~
~~~~~~~~~~~~~~~~~~~~~~~~~~
~~~~~~~~~~~~~~~~~~~
    + CategoryInfo        
      : NotSpecified: (Γ  
  Üá Warning: Ne...not    
 be correct.:String) [    
], RemoteException
    + FullyQualifiedError 
   Id : NativeCommandErr  
  or
 
 We detected multiple 
lockfiles and selected 
the directory of C:\Users\
tasmi\package-lock.json 
as the root directory.
 To silence this warning, 
set `turbopack.root` in 
your Next.js config, or 
consider removing one of 
the lockfiles if it's not 
needed.
   See https://nextjs.org/
docs/app/api-reference/con
fig/next-config-js/turbopa
ck#root-directory for 
more information.
 Detected additional 
lockfiles: 
   * C:\Users\tasmi\OneDri
ve\launchOS\package-lock.j
son

Γû▓ Next.js 16.2.1 (Turbopack)
- Environments: .env.local

  Creating an optimized production build ...

> Build error occurred
Error: Turbopack build 
failed with 1 errors:
./OneDrive/launchOS/src/co
mponents/dashboard/RecentA
nalyses.tsx:95:5
Expression expected
  [90m93 |[0m     )
  [90m94 |[0m }
[31m[1m>[0m [90m95 
|[0m     )
  [90m   |[0m     
[31m[1m^[0m
  [90m96 |[0m }
  [90m97 |[0m

Parsing ecmascript source 
code failed

Import trace:
  Server Component:
    ./OneDrive/launchOS/sr
c/components/dashboard/Rec
entAnalyses.tsx
    ./OneDrive/launchOS/sr
c/app/(dashboard)/dashboar
d/page.tsx


    at <unknown> (./OneDri
ve/launchOS/src/components
/dashboard/RecentAnalyses.
tsx:95:5)
